org/shark/renovatio/provider/cobol/translation/AnnotationActionItemFactory.class
org/shark/renovatio/provider/cobol/service/IndexingService$SearchResult.class
org/shark/renovatio/provider/cobol/service/IndexingService$SymbolOccurrence.class
org/shark/renovatio/provider/cobol/domain/CobolStatement$StatementType.class
org/shark/renovatio/provider/cobol/CobolProvider.class
org/shark/renovatio/provider/cobol/service/JavaGenerationService$FieldValidation.class
org/shark/renovatio/provider/cobol/domain/CobolMcpTool.class
org/shark/renovatio/provider/cobol/translation/AnnotationActionItemFactory$Mapping.class
org/shark/renovatio/provider/cobol/domain/CobolSection.class
org/shark/renovatio/provider/cobol/domain/CobolEnvironmentDivision.class
org/shark/renovatio/provider/cobol/domain/DatasetAdapter.class
org/shark/renovatio/provider/cobol/service/ControlBreakDecompositionService.class
org/shark/renovatio/provider/cobol/service/MigrationPlanService.class
org/shark/renovatio/provider/cobol/guardrail/ManualActionSeverity.class
org/shark/renovatio/provider/cobol/service/Db2MigrationService.class
org/shark/renovatio/provider/cobol/service/CobolNqlParsingService.class
org/shark/renovatio/provider/cobol/translation/AnnotationActionItemFactory$1.class
org/shark/renovatio/provider/cobol/service/MockCicsService.class
org/shark/renovatio/provider/cobol/translation/AnnotatedContextResolver$1.class
org/shark/renovatio/provider/cobol/service/ZoweCicsClient.class
org/shark/renovatio/provider/cobol/service/JavaGenerationService.class
org/shark/renovatio/provider/cobol/service/MetricsService$CodeMetrics.class
org/shark/renovatio/provider/cobol/service/MigrationPlanService$MigrationStep.class
org/shark/renovatio/provider/cobol/service/MigrationPlanService$MigrationRun.class
org/shark/renovatio/provider/cobol/translation/CobolSemanticTranspiler.class
org/shark/renovatio/provider/cobol/infrastructure/CobolProviderConfiguration.class
org/shark/renovatio/provider/cobol/CobolLanguageProvider.class
org/shark/renovatio/provider/cobol/domain/CobolStatement.class
org/shark/renovatio/provider/cobol/guardrail/ProposalManifest.class
org/shark/renovatio/provider/cobol/service/MigrationPlanService$StepType.class
org/shark/renovatio/provider/cobol/domain/CobolProgram.class
org/shark/renovatio/provider/cobol/service/ControlBreakDecompositionService$1.class
org/shark/renovatio/provider/cobol/service/CicsService.class
org/shark/renovatio/provider/cobol/domain/SimpleDatasetAdapter.class
org/shark/renovatio/provider/cobol/guardrail/GuardrailSchemaCatalog.class
org/shark/renovatio/provider/cobol/guardrail/ReviewEligibilityRequest.class
org/shark/renovatio/provider/cobol/guardrail/GateCheckResult.class
org/shark/renovatio/provider/cobol/service/ControlBreakDecompositionService$DecompositionResult.class
org/shark/renovatio/provider/cobol/guardrail/SensitiveValueRedactor.class
org/shark/renovatio/provider/cobol/infrastructure/CobolMcpToolsProvider.class
org/shark/renovatio/provider/cobol/translation/CobolIntermediateModelService.class
org/shark/renovatio/provider/cobol/service/CobolParsingService$Dialect.class
org/shark/renovatio/provider/cobol/guardrail/ManualActionItemIds.class
org/shark/renovatio/provider/cobol/translation/AnnotatedContextResolver$Request.class
org/shark/renovatio/provider/cobol/service/ControlBreakDecompositionService$ProgramDecomposition.class
org/shark/renovatio/provider/cobol/service/RealCicsService.class
org/shark/renovatio/provider/cobol/translation/AnnotatedContextResolver$Resolution.class
org/shark/renovatio/provider/cobol/guardrail/GuardrailGate.class
org/shark/renovatio/provider/cobol/domain/CobolParagraph.class
org/shark/renovatio/provider/cobol/guardrail/ReviewEligibilityValidator.class
org/shark/renovatio/provider/cobol/translation/AnnotatedContextResolver.class
org/shark/renovatio/provider/cobol/domain/CobolProcedureDivision.class
org/shark/renovatio/provider/cobol/service/IndexingService.class
org/shark/renovatio/provider/cobol/guardrail/GuardrailGateRunner.class
org/shark/renovatio/provider/cobol/guardrail/ManualActionItemWriter.class
org/shark/renovatio/provider/cobol/service/MetricsService.class
org/shark/renovatio/provider/cobol/service/CobolParsingService.class
org/shark/renovatio/provider/cobol/guardrail/GateCheck.class
org/shark/renovatio/provider/cobol/guardrail/GuardrailRunResult.class
org/shark/renovatio/provider/cobol/service/TemplateCodeGenerationService.class
org/shark/renovatio/provider/cobol/domain/CobolDataItem.class
org/shark/renovatio/provider/cobol/guardrail/ManualActionReviewStatus.class
org/shark/renovatio/provider/cobol/domain/CobolDataDivision.class
org/shark/renovatio/provider/cobol/service/MigrationPlanService$MigrationPlan.class
org/shark/renovatio/provider/cobol/guardrail/ManualActionItem.class
