/workspace/renovatio-provider-cobol/src/main/java/org/shark/renovatio/provider/cobol/service/ControlBreakDecompositionService.java
/workspace/renovatio-provider-cobol/src/main/java/org/shark/renovatio/provider/cobol/service/MigrationPlanService.java
/workspace/renovatio-provider-cobol/src/main/java/org/shark/renovatio/provider/cobol/service/CobolParsingService.java
/workspace/renovatio-provider-cobol/src/main/java/org/shark/renovatio/provider/cobol/domain/SimpleDatasetAdapter.java
/workspace/renovatio-provider-cobol/src/main/java/org/shark/renovatio/provider/cobol/guardrail/ManualActionReviewStatus.java
/workspace/renovatio-provider-cobol/src/main/java/org/shark/renovatio/provider/cobol/guardrail/GateCheck.java
/workspace/renovatio-provider-cobol/src/main/java/org/shark/renovatio/provider/cobol/service/JavaGenerationService.java
/workspace/renovatio-provider-cobol/src/main/java/org/shark/renovatio/provider/cobol/CobolProvider.java
/workspace/renovatio-provider-cobol/src/main/java/org/shark/renovatio/provider/cobol/domain/CobolProgram.java
/workspace/renovatio-provider-cobol/src/main/java/org/shark/renovatio/provider/cobol/service/MetricsService.java
/workspace/renovatio-provider-cobol/src/main/java/org/shark/renovatio/provider/cobol/guardrail/GuardrailGate.java
/workspace/renovatio-provider-cobol/src/main/java/org/shark/renovatio/provider/cobol/infrastructure/CobolMcpToolsProvider.java
/workspace/renovatio-provider-cobol/src/main/java/org/shark/renovatio/provider/cobol/translation/AnnotationActionItemFactory.java
/workspace/renovatio-provider-cobol/src/main/java/org/shark/renovatio/provider/cobol/CobolLanguageProvider.java
/workspace/renovatio-provider-cobol/src/main/java/org/shark/renovatio/provider/cobol/guardrail/SensitiveValueRedactor.java
/workspace/renovatio-provider-cobol/src/main/java/org/shark/renovatio/provider/cobol/translation/AnnotatedContextResolver.java
/workspace/renovatio-provider-cobol/src/main/java/org/shark/renovatio/provider/cobol/service/Db2MigrationService.java
/workspace/renovatio-provider-cobol/src/main/java/org/shark/renovatio/provider/cobol/guardrail/ManualActionItemIds.java
/workspace/renovatio-provider-cobol/src/main/java/org/shark/renovatio/provider/cobol/domain/DatasetAdapter.java
/workspace/renovatio-provider-cobol/src/main/java/org/shark/renovatio/provider/cobol/translation/CobolSemanticTranspiler.java
/workspace/renovatio-provider-cobol/src/main/java/org/shark/renovatio/provider/cobol/service/CobolNqlParsingService.java
/workspace/renovatio-provider-cobol/src/main/java/org/shark/renovatio/provider/cobol/guardrail/ReviewEligibilityRequest.java
/workspace/renovatio-provider-cobol/src/main/java/org/shark/renovatio/provider/cobol/guardrail/GuardrailRunResult.java
/workspace/renovatio-provider-cobol/src/main/java/org/shark/renovatio/provider/cobol/guardrail/ProposalManifest.java
/workspace/renovatio-provider-cobol/src/main/java/org/shark/renovatio/provider/cobol/service/CicsService.java
/workspace/renovatio-provider-cobol/src/main/java/org/shark/renovatio/provider/cobol/service/RealCicsService.java
/workspace/renovatio-provider-cobol/src/main/java/org/shark/renovatio/provider/cobol/guardrail/GuardrailGateRunner.java
/workspace/renovatio-provider-cobol/src/main/java/org/shark/renovatio/provider/cobol/guardrail/ManualActionSeverity.java
/workspace/renovatio-provider-cobol/src/main/java/org/shark/renovatio/provider/cobol/service/MockCicsService.java
/workspace/renovatio-provider-cobol/src/main/java/org/shark/renovatio/provider/cobol/guardrail/ManualActionItem.java
/workspace/renovatio-provider-cobol/src/main/java/org/shark/renovatio/provider/cobol/service/IndexingService.java
/workspace/renovatio-provider-cobol/src/main/java/org/shark/renovatio/provider/cobol/infrastructure/CobolProviderConfiguration.java
/workspace/renovatio-provider-cobol/src/main/java/org/shark/renovatio/provider/cobol/guardrail/ReviewEligibilityValidator.java
/workspace/renovatio-provider-cobol/src/main/java/org/shark/renovatio/provider/cobol/guardrail/ManualActionItemWriter.java
/workspace/renovatio-provider-cobol/src/main/java/org/shark/renovatio/provider/cobol/translation/CobolIntermediateModelService.java
/workspace/renovatio-provider-cobol/src/main/java/org/shark/renovatio/provider/cobol/domain/CobolMcpTool.java
/workspace/renovatio-provider-cobol/src/main/java/org/shark/renovatio/provider/cobol/service/ZoweCicsClient.java
/workspace/renovatio-provider-cobol/src/main/java/org/shark/renovatio/provider/cobol/domain/CobolDataItem.java
/workspace/renovatio-provider-cobol/src/main/java/org/shark/renovatio/provider/cobol/guardrail/GuardrailSchemaCatalog.java
/workspace/renovatio-provider-cobol/src/main/java/org/shark/renovatio/provider/cobol/guardrail/GateCheckResult.java
/workspace/renovatio-provider-cobol/src/main/java/org/shark/renovatio/provider/cobol/service/TemplateCodeGenerationService.java
