org/shark/renovatio/provider/cobol/translation/AnnotatedContextResolverTest.class
org/shark/renovatio/provider/cobol/service/CobolNqlParsingServiceTest.class
org/shark/renovatio/provider/cobol/domain/SimpleDatasetAdapterTest.class
org/shark/renovatio/provider/cobol/translation/AnnotationActionItemFactoryTest.class
org/shark/renovatio/provider/cobol/guardrail/ManualActionItemWriterTest.class
org/shark/renovatio/provider/cobol/translation/CobolSemanticTranspilerTest.class
org/shark/renovatio/provider/cobol/translation/CobolSemanticTranspilerTest$CapturingRunner.class
org/shark/renovatio/provider/cobol/domain/CobolDomainPojoTest.class
org/shark/renovatio/provider/cobol/service/JavaGenerationServiceTest.class
org/shark/renovatio/provider/cobol/infrastructure/CobolMcpToolsProviderTest.class
org/shark/renovatio/provider/cobol/service/Db2MigrationToolTest.class
org/shark/renovatio/provider/cobol/guardrail/GuardrailSchemaCatalogTest.class
org/shark/renovatio/test/CobolAnalysisTest.class
org/shark/renovatio/provider/cobol/service/CalculatorGenerationTest.class
org/shark/renovatio/provider/cobol/characterization/CharacterizationFixtureContractTest.class
org/shark/renovatio/provider/cobol/CobolLanguageProviderTest.class
org/shark/renovatio/provider/cobol/guardrail/ManualActionItemIdsTest.class
org/shark/renovatio/provider/cobol/service/JavaGenerationServiceAnnotatedTest.class
org/shark/renovatio/provider/cobol/service/ArithmeticMigrationTest.class
org/shark/renovatio/provider/cobol/guardrail/ManualActionItemTypeTest.class
org/shark/renovatio/provider/cobol/service/CobolParsingServiceCicsTest.class
org/shark/renovatio/provider/cobol/guardrail/ReviewEligibilityValidatorTest.class
org/shark/renovatio/provider/cobol/service/CobolParsingServiceDialectTest.class
org/shark/renovatio/provider/cobol/service/ControlBreakDecompositionServiceTest.class
org/shark/renovatio/provider/cobol/guardrail/GuardrailGateRunnerTest.class
org/shark/renovatio/provider/cobol/service/CopybookMigrationToolTest.class
