/workspace/renovatio-provider-cobol/src/test/java/org/shark/renovatio/test/CobolAnalysisTest.java
/workspace/renovatio-provider-cobol/src/test/java/org/shark/renovatio/provider/cobol/guardrail/ReviewEligibilityValidatorTest.java
/workspace/renovatio-provider-cobol/src/test/java/org/shark/renovatio/provider/cobol/guardrail/ManualActionItemWriterTest.java
/workspace/renovatio-provider-cobol/src/test/java/org/shark/renovatio/provider/cobol/service/CalculatorGenerationTest.java
/workspace/renovatio-provider-cobol/src/test/java/org/shark/renovatio/provider/cobol/service/ArithmeticMigrationTest.java
/workspace/renovatio-provider-cobol/src/test/java/org/shark/renovatio/provider/cobol/translation/CobolSemanticTranspilerTest.java
/workspace/renovatio-provider-cobol/src/test/java/org/shark/renovatio/provider/cobol/CobolLanguageProviderTest.java
/workspace/renovatio-provider-cobol/src/test/java/org/shark/renovatio/provider/cobol/guardrail/GuardrailGateRunnerTest.java
/workspace/renovatio-provider-cobol/src/test/java/org/shark/renovatio/provider/cobol/characterization/CharacterizationFixtureContractTest.java
/workspace/renovatio-provider-cobol/src/test/java/org/shark/renovatio/provider/cobol/service/Db2MigrationToolTest.java
/workspace/renovatio-provider-cobol/src/test/java/org/shark/renovatio/provider/cobol/infrastructure/CobolMcpToolsProviderTest.java
/workspace/renovatio-provider-cobol/src/test/java/org/shark/renovatio/provider/cobol/service/ControlBreakDecompositionServiceTest.java
/workspace/renovatio-provider-cobol/src/test/java/org/shark/renovatio/provider/cobol/translation/AnnotationActionItemFactoryTest.java
/workspace/renovatio-provider-cobol/src/test/java/org/shark/renovatio/provider/cobol/guardrail/ManualActionItemIdsTest.java
/workspace/renovatio-provider-cobol/src/test/java/org/shark/renovatio/provider/cobol/guardrail/GuardrailSchemaCatalogTest.java
/workspace/renovatio-provider-cobol/src/test/java/org/shark/renovatio/provider/cobol/domain/SimpleDatasetAdapterTest.java
/workspace/renovatio-provider-cobol/src/test/java/org/shark/renovatio/provider/cobol/domain/CobolDomainPojoTest.java
/workspace/renovatio-provider-cobol/src/test/java/org/shark/renovatio/provider/cobol/translation/AnnotatedContextResolverTest.java
/workspace/renovatio-provider-cobol/src/test/java/org/shark/renovatio/provider/cobol/service/CobolParsingServiceDialectTest.java
/workspace/renovatio-provider-cobol/src/test/java/org/shark/renovatio/provider/cobol/guardrail/ManualActionItemTypeTest.java
/workspace/renovatio-provider-cobol/src/test/java/org/shark/renovatio/provider/cobol/service/CopybookMigrationToolTest.java
/workspace/renovatio-provider-cobol/src/test/java/org/shark/renovatio/provider/cobol/service/JavaGenerationServiceAnnotatedTest.java
/workspace/renovatio-provider-cobol/src/test/java/org/shark/renovatio/provider/cobol/service/CobolParsingServiceCicsTest.java
/workspace/renovatio-provider-cobol/src/test/java/org/shark/renovatio/provider/cobol/service/CobolNqlParsingServiceTest.java
/workspace/renovatio-provider-cobol/src/test/java/org/shark/renovatio/provider/cobol/service/JavaGenerationServiceTest.java
